
> analytics-backend@1.0.0 test
> jest --detectOpenHandles

::ffff:127.0.0.1 - - [16/Nov/2025:13:45:52 +0000] "GET /health HTTP/1.1" 200 15 "-" "-"
::ffff:127.0.0.1 - - [16/Nov/2025:13:45:52 +0000] "GET /api/nonexistent HTTP/1.1" 404 154 "-" "-"
::ffff:127.0.0.1 - - [16/Nov/2025:13:45:52 +0000] "POST /api/auth/register HTTP/1.1" 201 343 "-" "-"
::ffff:127.0.0.1 - - [16/Nov/2025:13:45:53 +0000] "POST /api/auth/register HTTP/1.1" 201 343 "-" "-"
::ffff:127.0.0.1 - - [16/Nov/2025:13:45:53 +0000] "POST /api/auth/register HTTP/1.1" 201 343 "-" "-"
::ffff:127.0.0.1 - - [16/Nov/2025:13:45:53 +0000] "POST /api/auth/register HTTP/1.1" 201 343 "-" "-"
::ffff:127.0.0.1 - - [16/Nov/2025:13:45:53 +0000] "POST /api/auth/register HTTP/1.1" 201 343 "-" "-"
::ffff:127.0.0.1 - - [16/Nov/2025:13:45:54 +0000] "GET /api/auth/register HTTP/1.1" 404 156 "-" "-"
::ffff:127.0.0.1 - - [16/Nov/2025:13:45:54 +0000] "POST /api/analytics/collect HTTP/1.1" 401 27 "-" "-"
::ffff:127.0.0.1 - - [16/Nov/2025:13:45:54 +0000] "POST /api/analytics/collect HTTP/1.1" 401 27 "-" "-"
::ffff:127.0.0.1 - - [16/Nov/2025:13:46:04 +0000] "GET /api/analytics/event-summary?event=%27%3B%20DROP%20TABLE%20events%3B%20-- HTTP/1.1" 401 38 "-" "-"
::ffff:127.0.0.1 - - [16/Nov/2025:13:46:04 +0000] "GET /health HTTP/1.1" 200 15 "-" "-"
::ffff:127.0.0.1 - - [16/Nov/2025:13:46:04 +0000] "POST /api/auth/register HTTP/1.1" 201 336 "-" "-"
::ffff:127.0.0.1 - - [16/Nov/2025:13:46:04 +0000] "GET /api/auth/api-key?app_id=not-a-uuid HTTP/1.1" 400 33 "-" "-"
::ffff:127.0.0.1 - - [16/Nov/2025:13:46:14 +0000] "GET /api/analytics/event-summary?startDate=invalid-date&endDate=also-invalid HTTP/1.1" 401 38 "-" "-"
::ffff:127.0.0.1 - - [16/Nov/2025:13:46:14 +0000] "POST /api/short/create HTTP/1.1" 500 220 "-" "-"
::ffff:127.0.0.1 - - [16/Nov/2025:13:46:14 +0000] "POST /api/short/create HTTP/1.1" 500 220 "-" "-"
::ffff:127.0.0.1 - - [16/Nov/2025:13:46:14 +0000] "GET /health HTTP/1.1" 200 15 "-" "-"
::ffff:127.0.0.1 - - [16/Nov/2025:13:46:14 +0000] "GET /health HTTP/1.1" 200 15 "-" "-"
::ffff:127.0.0.1 - - [16/Nov/2025:13:46:14 +0000] "GET /health HTTP/1.1" 200 15 "-" "-"
::ffff:127.0.0.1 - - [16/Nov/2025:13:46:14 +0000] "GET /health HTTP/1.1" 200 15 "-" "-"
::ffff:127.0.0.1 - - [16/Nov/2025:13:46:14 +0000] "GET /health HTTP/1.1" 200 15 "-" "-"
::ffff:127.0.0.1 - - [16/Nov/2025:13:46:14 +0000] "GET /health HTTP/1.1" 200 15 "-" "-"
::ffff:127.0.0.1 - - [16/Nov/2025:13:46:14 +0000] "GET /health HTTP/1.1" 200 15 "-" "-"
::ffff:127.0.0.1 - - [16/Nov/2025:13:46:14 +0000] "GET /health HTTP/1.1" 200 15 "-" "-"
::ffff:127.0.0.1 - - [16/Nov/2025:13:46:14 +0000] "GET /health HTTP/1.1" 200 15 "-" "-"
::ffff:127.0.0.1 - - [16/Nov/2025:13:46:14 +0000] "GET /health HTTP/1.1" 200 15 "-" "-"
::ffff:127.0.0.1 - - [16/Nov/2025:13:46:14 +0000] "GET /health HTTP/1.1" 200 15 "-" "-"
node.exe : FAIL tests/integration.test.js (28.072 s)
At C:\Program Files\nodejs\npm.ps1:29 char:3
+   & $NODE_EXE $NPM_CLI_JS $args
+   ~~~~~~~~~~~~~~~~~~~~~~~~~~~~~
    + CategoryInfo          : NotSpecified: (FAIL tests/inte...t.js (28.072 s):String) [], RemoteExc 
   eption
    + FullyQualifiedErrorId : NativeCommandError
 
  ΓùÅ Console

    console.log
      [dotenv@17.2.3] injecting env (2) from .env -- tip: ≡ƒöÉ prevent committing .env to code: 
https://dotenvx.com/precommit

      at _log (node_modules/dotenv/lib/main.js:142:11)

    console.error
      SyntaxError: Expected property name or '}' in JSON at position 2 (line 1 column 3)
          at JSON.parse (<anonymous>)
          at parse 
(C:\Users\ASUS\Desktop\analytics-prod\node_modules\body-parser\lib\types\json.js:92:19)
          at C:\Users\ASUS\Desktop\analytics-prod\node_modules\body-parser\lib\read.js:128:18
          at AsyncResource.runInAsyncScope (node:async_hooks:211:14)
          at invokeCallback 
(C:\Users\ASUS\Desktop\analytics-prod\node_modules\raw-body\index.js:238:16)
          at done (C:\Users\ASUS\Desktop\analytics-prod\node_modules\raw-body\index.js:227:7)
          at IncomingMessage.onEnd 
(C:\Users\ASUS\Desktop\analytics-prod\node_modules\raw-body\index.js:287:7)
          at IncomingMessage.emit (node:events:518:28)
          at endReadableNT (node:internal/streams/readable:1698:12)
          at processTicksAndRejections (node:internal/process/task_queues:90:21) {
        expose: true,
        statusCode: 400,
        status: 400,
        body: '{ invalid json }',
        type: 'entity.parse.failed'
      }

    [0m [90m 25 |[39m
     [90m 26 |[39m app[33m.[39muse((err[33m,[39m req[33m,[39m res[33m,[39m next) 
[33m=>[39m {
    [31m[1m>[22m[39m[90m 27 |[39m   console[33m.[39merror(err)[33m;[39m
     [90m    |[39m           [31m[1m^[22m[39m
     [90m 28 |[39m   [36mif[39m (err[33m.[39mstatus [33m===[39m [35m400[39m) {
     [90m 29 |[39m     [36mreturn[39m res[33m.[39mstatus([35m400[39m)[33m.[39mjson({ 
error[33m:[39m err[33m.[39mmessage [33m||[39m [32m'Bad Request'[39m })[33m;[39m
     [90m 30 |[39m   }[0m

      at error (src/app.js:27:11)
      at Layer.handle_error (node_modules/express/lib/router/layer.js:71:5)
      at trim_prefix (node_modules/express/lib/router/index.js:326:13)
      at node_modules/express/lib/router/index.js:286:9
      at Function.process_params (node_modules/express/lib/router/index.js:346:12)
      at next (node_modules/express/lib/router/index.js:280:10)
      at Layer.handle_error (node_modules/express/lib/router/layer.js:67:12)
      at trim_prefix (node_modules/express/lib/router/index.js:326:13)
      at node_modules/express/lib/router/index.js:286:9
      at Function.process_params (node_modules/express/lib/router/index.js:346:12)
      at next (node_modules/express/lib/router/index.js:280:10)
      at Layer.handle_error (node_modules/express/lib/router/layer.js:67:12)
      at trim_prefix (node_modules/express/lib/router/index.js:326:13)
      at node_modules/express/lib/router/index.js:286:9
      at Function.process_params (node_modules/express/lib/router/index.js:346:12)
      at next (node_modules/express/lib/router/index.js:280:10)
      at Layer.handle_error (node_modules/express/lib/router/layer.js:67:12)
      at trim_prefix (node_modules/express/lib/router/index.js:326:13)
      at node_modules/express/lib/router/index.js:286:9
      at Function.process_params (node_modules/express/lib/router/index.js:346:12)
      at next (node_modules/express/lib/router/index.js:280:10)
      at node_modules/body-parser/lib/read.js:130:7
      at invokeCallback (node_modules/raw-body/index.js:238:16)
      at done (node_modules/raw-body/index.js:227:7)
      at IncomingMessage.onEnd (node_modules/raw-body/index.js:287:7)

    console.error
      PayloadTooLargeError: request entity too large
          at readStream (C:\Users\ASUS\Desktop\analytics-prod\node_modules\raw-body\index.js:163:17)
          at getRawBody (C:\Users\ASUS\Desktop\analytics-prod\node_modules\raw-body\index.js:116:12)
          at read (C:\Users\ASUS\Desktop\analytics-prod\node_modules\body-parser\lib\read.js:79:3)
          at jsonParser 
(C:\Users\ASUS\Desktop\analytics-prod\node_modules\body-parser\lib\types\json.js:138:5)
          at Layer.handle [as handle_request] 
(C:\Users\ASUS\Desktop\analytics-prod\node_modules\express\lib\router\layer.js:95:5)
          at trim_prefix 
(C:\Users\ASUS\Desktop\analytics-prod\node_modules\express\lib\router\index.js:328:13)
          at C:\Users\ASUS\Desktop\analytics-prod\node_modules\express\lib\router\index.js:286:9
          at Function.process_params 
(C:\Users\ASUS\Desktop\analytics-prod\node_modules\express\lib\router\index.js:346:12)
          at next 
(C:\Users\ASUS\Desktop\analytics-prod\node_modules\express\lib\router\index.js:280:10)
          at cors (C:\Users\ASUS\Desktop\analytics-prod\node_modules\cors\lib\index.js:188:7)
          at C:\Users\ASUS\Desktop\analytics-prod\node_modules\cors\lib\index.js:224:17
          at originCallback 
(C:\Users\ASUS\Desktop\analytics-prod\node_modules\cors\lib\index.js:214:15)
          at C:\Users\ASUS\Desktop\analytics-prod\node_modules\cors\lib\index.js:219:13
          at optionsCallback 
(C:\Users\ASUS\Desktop\analytics-prod\node_modules\cors\lib\index.js:199:9)
          at corsMiddleware 
(C:\Users\ASUS\Desktop\analytics-prod\node_modules\cors\lib\index.js:204:7)
          at Layer.handle [as handle_request] 
(C:\Users\ASUS\Desktop\analytics-prod\node_modules\express\lib\router\layer.js:95:5)
          at trim_prefix 
(C:\Users\ASUS\Desktop\analytics-prod\node_modules\express\lib\router\index.js:328:13)
          at C:\Users\ASUS\Desktop\analytics-prod\node_modules\express\lib\router\index.js:286:9
          at Function.process_params 
(C:\Users\ASUS\Desktop\analytics-prod\node_modules\express\lib\router\index.js:346:12)
          at next 
(C:\Users\ASUS\Desktop\analytics-prod\node_modules\express\lib\router\index.js:280:10)
          at internalNext (C:\Users\ASUS\Desktop\analytics-prod\node_modules\helmet\index.cjs:560:6)
          at xXssProtectionMiddleware 
(C:\Users\ASUS\Desktop\analytics-prod\node_modules\helmet\index.cjs:327:3)
          at internalNext (C:\Users\ASUS\Desktop\analytics-prod\node_modules\helmet\index.cjs:558:6)
          at xPoweredByMiddleware 
(C:\Users\ASUS\Desktop\analytics-prod\node_modules\helmet\index.cjs:320:3)
          at internalNext (C:\Users\ASUS\Desktop\analytics-prod\node_modules\helmet\index.cjs:558:6)
          at xPermittedCrossDomainPoliciesMiddleware 
(C:\Users\ASUS\Desktop\analytics-prod\node_modules\helmet\index.cjs:313:3)
          at internalNext (C:\Users\ASUS\Desktop\analytics-prod\node_modules\helmet\index.cjs:558:6)
          at xFrameOptionsMiddleware 
(C:\Users\ASUS\Desktop\analytics-prod\node_modules\helmet\index.cjs:297:3)
          at internalNext (C:\Users\ASUS\Desktop\analytics-prod\node_modules\helmet\index.cjs:558:6)
          at xDownloadOptionsMiddleware 
(C:\Users\ASUS\Desktop\analytics-prod\node_modules\helmet\index.cjs:277:3)
          at internalNext (C:\Users\ASUS\Desktop\analytics-prod\node_modules\helmet\index.cjs:558:6)
          at xDnsPrefetchControlMiddleware 
(C:\Users\ASUS\Desktop\analytics-prod\node_modules\helmet\index.cjs:270:3)
          at internalNext (C:\Users\ASUS\Desktop\analytics-prod\node_modules\helmet\index.cjs:558:6)
          at xContentTypeOptionsMiddleware 
(C:\Users\ASUS\Desktop\analytics-prod\node_modules\helmet\index.cjs:262:3)
          at internalNext (C:\Users\ASUS\Desktop\analytics-prod\node_modules\helmet\index.cjs:558:6)
          at strictTransportSecurityMiddleware 
(C:\Users\ASUS\Desktop\analytics-prod\node_modules\helmet\index.cjs:255:3)
          at internalNext (C:\Users\ASUS\Desktop\analytics-prod\node_modules\helmet\index.cjs:558:6)
          at referrerPolicyMiddleware 
(C:\Users\ASUS\Desktop\analytics-prod\node_modules\helmet\index.cjs:220:3)
          at internalNext (C:\Users\ASUS\Desktop\analytics-prod\node_modules\helmet\index.cjs:558:6)
          at originAgentClusterMiddleware 
(C:\Users\ASUS\Desktop\analytics-prod\node_modules\helmet\index.cjs:195:3)
          at internalNext (C:\Users\ASUS\Desktop\analytics-prod\node_modules\helmet\index.cjs:558:6)
          at crossOriginResourcePolicyMiddleware 
(C:\Users\ASUS\Desktop\analytics-prod\node_modules\helmet\index.cjs:163:3)
          at internalNext (C:\Users\ASUS\Desktop\analytics-prod\node_modules\helmet\index.cjs:558:6)
          at crossOriginOpenerPolicyMiddleware 
(C:\Users\ASUS\Desktop\analytics-prod\node_modules\helmet\index.cjs:147:3)
          at internalNext (C:\Users\ASUS\Desktop\analytics-prod\node_modules\helmet\index.cjs:558:6)
          at crossOriginEmbedderPolicyMiddleware 
(C:\Users\ASUS\Desktop\analytics-prod\node_modules\helmet\index.cjs:131:3)
          at internalNext (C:\Users\ASUS\Desktop\analytics-prod\node_modules\helmet\index.cjs:558:6)
          at contentSecurityPolicyMiddleware 
(C:\Users\ASUS\Desktop\analytics-prod\node_modules\helmet\index.cjs:112:4)
          at internalNext (C:\Users\ASUS\Desktop\analytics-prod\node_modules\helmet\index.cjs:558:6)
          at helmetMiddleware 
(C:\Users\ASUS\Desktop\analytics-prod\node_modules\helmet\index.cjs:562:6)
          at Layer.handle [as handle_request] 
(C:\Users\ASUS\Desktop\analytics-prod\node_modules\express\lib\router\layer.js:95:5)
          at trim_prefix 
(C:\Users\ASUS\Desktop\analytics-prod\node_modules\express\lib\router\index.js:328:13)
          at C:\Users\ASUS\Desktop\analytics-prod\node_modules\express\lib\router\index.js:286:9
          at Function.process_params 
(C:\Users\ASUS\Desktop\analytics-prod\node_modules\express\lib\router\index.js:346:12)
          at next 
(C:\Users\ASUS\Desktop\analytics-prod\node_modules\express\lib\router\index.js:280:10)
          at expressInit 
(C:\Users\ASUS\Desktop\analytics-prod\node_modules\express\lib\middleware\init.js:40:5)
          at Layer.handle [as handle_request] 
(C:\Users\ASUS\Desktop\analytics-prod\node_modules\express\lib\router\layer.js:95:5)
          at trim_prefix 
(C:\Users\ASUS\Desktop\analytics-prod\node_modules\express\lib\router\index.js:328:13)
          at C:\Users\ASUS\Desktop\analytics-prod\node_modules\express\lib\router\index.js:286:9
          at Function.process_params 
(C:\Users\ASUS\Desktop\analytics-prod\node_modules\express\lib\router\index.js:346:12)
          at next 
(C:\Users\ASUS\Desktop\analytics-prod\node_modules\express\lib\router\index.js:280:10)
          at query 
(C:\Users\ASUS\Desktop\analytics-prod\node_modules\express\lib\middleware\query.js:45:5)
          at Layer.handle [as handle_request] 
(C:\Users\ASUS\Desktop\analytics-prod\node_modules\express\lib\router\layer.js:95:5)
          at trim_prefix 
(C:\Users\ASUS\Desktop\analytics-prod\node_modules\express\lib\router\index.js:328:13)
          at C:\Users\ASUS\Desktop\analytics-prod\node_modules\express\lib\router\index.js:286:9
          at Function.process_params 
(C:\Users\ASUS\Desktop\analytics-prod\node_modules\express\lib\router\index.js:346:12)
          at next 
(C:\Users\ASUS\Desktop\analytics-prod\node_modules\express\lib\router\index.js:280:10)
          at Function.handle 
(C:\Users\ASUS\Desktop\analytics-prod\node_modules\express\lib\router\index.js:175:3)
          at Function.handle 
(C:\Users\ASUS\Desktop\analytics-prod\node_modules\express\lib\application.js:181:10)
          at Server.app 
(C:\Users\ASUS\Desktop\analytics-prod\node_modules\express\lib\express.js:39:9)
          at Server.emit (node:events:518:28)
          at parserOnIncoming (node:_http_server:1153:12)
          at HTTPParser.parserOnHeadersComplete (node:_http_common:117:17) {
        expected: 18874403,
        length: 18874403,
        limit: 2097152,
        type: 'entity.too.large'
      }

    [0m [90m 25 |[39m
     [90m 26 |[39m app[33m.[39muse((err[33m,[39m req[33m,[39m res[33m,[39m next) 
[33m=>[39m {
    [31m[1m>[22m[39m[90m 27 |[39m   console[33m.[39merror(err)[33m;[39m
     [90m    |[39m           [31m[1m^[22m[39m
     [90m 28 |[39m   [36mif[39m (err[33m.[39mstatus [33m===[39m [35m400[39m) {
     [90m 29 |[39m     [36mreturn[39m res[33m.[39mstatus([35m400[39m)[33m.[39mjson({ 
error[33m:[39m err[33m.[39mmessage [33m||[39m [32m'Bad Request'[39m })[33m;[39m
     [90m 30 |[39m   }[0m

      at error (src/app.js:27:11)
      at Layer.handle_error (node_modules/express/lib/router/layer.js:71:5)
      at trim_prefix (node_modules/express/lib/router/index.js:326:13)
      at node_modules/express/lib/router/index.js:286:9
      at Function.process_params (node_modules/express/lib/router/index.js:346:12)
      at next (node_modules/express/lib/router/index.js:280:10)
      at Layer.handle_error (node_modules/express/lib/router/layer.js:67:12)
      at trim_prefix (node_modules/express/lib/router/index.js:326:13)
      at node_modules/express/lib/router/index.js:286:9
      at Function.process_params (node_modules/express/lib/router/index.js:346:12)
      at next (node_modules/express/lib/router/index.js:280:10)
      at Layer.handle_error (node_modules/express/lib/router/layer.js:67:12)
      at trim_prefix (node_modules/express/lib/router/index.js:326:13)
      at node_modules/express/lib/router/index.js:286:9
      at Function.process_params (node_modules/express/lib/router/index.js:346:12)
      at next (node_modules/express/lib/router/index.js:280:10)
      at Layer.handle_error (node_modules/express/lib/router/layer.js:67:12)
      at trim_prefix (node_modules/express/lib/router/index.js:326:13)
      at node_modules/express/lib/router/index.js:286:9
      at Function.process_params (node_modules/express/lib/router/index.js:346:12)
      at next (node_modules/express/lib/router/index.js:280:10)
      at onfinished (node_modules/body-parser/lib/read.js:102:9)
      at listener (node_modules/on-finished/index.js:170:15)
      at onFinish (node_modules/on-finished/index.js:101:5)
      at callback (node_modules/ee-first/index.js:55:10)
      at IncomingMessage.onevent (node_modules/ee-first/index.js:93:5)

    console.error
      error: insert into "short_urls" ("app_id", "short_code", "target_url") values ($1, $2, $3) 
returning * - insert or update on table "short_urls" violates foreign key constraint 
"short_urls_app_id_foreign"
          at Parser.parseErrorMessage 
(C:\Users\ASUS\Desktop\analytics-prod\node_modules\pg-protocol\src\parser.ts:369:69)
          at Parser.handlePacket 
(C:\Users\ASUS\Desktop\analytics-prod\node_modules\pg-protocol\src\parser.ts:187:21)
          at Parser.parse 
(C:\Users\ASUS\Desktop\analytics-prod\node_modules\pg-protocol\src\parser.ts:102:30)
          at Socket.<anonymous> 
(C:\Users\ASUS\Desktop\analytics-prod\node_modules\pg-protocol\src\index.ts:7:48)
          at Socket.emit (node:events:518:28)
          at addChunk (node:internal/streams/readable:561:12)
          at readableAddChunkPushByteMode (node:internal/streams/readable:512:3)
          at Socket.Readable.push (node:internal/streams/readable:392:5)
          at TCP.onStreamRead (node:internal/stream_base_commons:189:23) {
        length: 299,
        severity: 'ERROR',
        code: '23503',
        detail: 'Key (app_id)=(550e8400-e29b-41d4-a716-446655440000) is not present in table 
"apps".',
        hint: undefined,
        position: undefined,
        internalPosition: undefined,
        internalQuery: undefined,
        where: undefined,
        schema: 'public',
        table: 'short_urls',
        column: undefined,
        dataType: undefined,
        constraint: 'short_urls_app_id_foreign',
        file: 'ri_triggers.c',
        line: '2619',
        routine: 'ri_ReportViolation'
      }

    [0m [90m 25 |[39m
     [90m 26 |[39m app[33m.[39muse((err[33m,[39m req[33m,[39m res[33m,[39m next) 
[33m=>[39m {
    [31m[1m>[22m[39m[90m 27 |[39m   console[33m.[39merror(err)[33m;[39m
     [90m    |[39m           [31m[1m^[22m[39m
     [90m 28 |[39m   [36mif[39m (err[33m.[39mstatus [33m===[39m [35m400[39m) {
     [90m 29 |[39m     [36mreturn[39m res[33m.[39mstatus([35m400[39m)[33m.[39mjson({ 
error[33m:[39m err[33m.[39mmessage [33m||[39m [32m'Bad Request'[39m })[33m;[39m
     [90m 30 |[39m   }[0m

      at error (src/app.js:27:11)
      at Layer.handle_error (node_modules/express/lib/router/layer.js:71:5)
      at trim_prefix (node_modules/express/lib/router/index.js:326:13)
      at node_modules/express/lib/router/index.js:286:9
      at Function.process_params (node_modules/express/lib/router/index.js:346:12)
      at next (node_modules/express/lib/router/index.js:280:10)
      at node_modules/express/lib/router/index.js:646:15
      at next (node_modules/express/lib/router/index.js:265:14)
      at next (node_modules/express/lib/router/route.js:141:14)
      at next (src/routes/shorturl.js:14:19)

    console.error
      error: insert into "short_urls" ("app_id", "short_code", "target_url") values ($1, $2, $3) 
returning * - insert or update on table "short_urls" violates foreign key constraint 
"short_urls_app_id_foreign"
          at Parser.parseErrorMessage 
(C:\Users\ASUS\Desktop\analytics-prod\node_modules\pg-protocol\src\parser.ts:369:69)
          at Parser.handlePacket 
(C:\Users\ASUS\Desktop\analytics-prod\node_modules\pg-protocol\src\parser.ts:187:21)
          at Parser.parse 
(C:\Users\ASUS\Desktop\analytics-prod\node_modules\pg-protocol\src\parser.ts:102:30)
          at Socket.<anonymous> 
(C:\Users\ASUS\Desktop\analytics-prod\node_modules\pg-protocol\src\index.ts:7:48)
          at Socket.emit (node:events:518:28)
          at addChunk (node:internal/streams/readable:561:12)
          at readableAddChunkPushByteMode (node:internal/streams/readable:512:3)
          at Socket.Readable.push (node:internal/streams/readable:392:5)
          at TCP.onStreamRead (node:internal/stream_base_commons:189:23) {
        length: 299,
        severity: 'ERROR',
        code: '23503',
        detail: 'Key (app_id)=(550e8400-e29b-41d4-a716-446655440000) is not present in table 
"apps".',
        hint: undefined,
        position: undefined,
        internalPosition: undefined,
        internalQuery: undefined,
        where: undefined,
        schema: 'public',
        table: 'short_urls',
        column: undefined,
        dataType: undefined,
        constraint: 'short_urls_app_id_foreign',
        file: 'ri_triggers.c',
        line: '2619',
        routine: 'ri_ReportViolation'
      }

    [0m [90m 25 |[39m
     [90m 26 |[39m app[33m.[39muse((err[33m,[39m req[33m,[39m res[33m,[39m next) 
[33m=>[39m {
    [31m[1m>[22m[39m[90m 27 |[39m   console[33m.[39merror(err)[33m;[39m
     [90m    |[39m           [31m[1m^[22m[39m
     [90m 28 |[39m   [36mif[39m (err[33m.[39mstatus [33m===[39m [35m400[39m) {
     [90m 29 |[39m     [36mreturn[39m res[33m.[39mstatus([35m400[39m)[33m.[39mjson({ 
error[33m:[39m err[33m.[39mmessage [33m||[39m [32m'Bad Request'[39m })[33m;[39m
     [90m 30 |[39m   }[0m

      at error (src/app.js:27:11)
      at Layer.handle_error (node_modules/express/lib/router/layer.js:71:5)
      at trim_prefix (node_modules/express/lib/router/index.js:326:13)
      at node_modules/express/lib/router/index.js:286:9
      at Function.process_params (node_modules/express/lib/router/index.js:346:12)
      at next (node_modules/express/lib/router/index.js:280:10)
      at node_modules/express/lib/router/index.js:646:15
      at next (node_modules/express/lib/router/index.js:265:14)
      at next (node_modules/express/lib/router/route.js:141:14)
      at next (src/routes/shorturl.js:14:19)

  ΓùÅ Integration Tests ΓÇ║ CORS Handling ΓÇ║ should include CORS headers

    expect(received).toBe(expected) // Object.is equality

    Expected: 200
    Received: 204

    [0m [90m 18 |[39m         [33m.[39m[36mset[39m([32m'Origin'[39m[33m,[39m 
[32m'https://example.com'[39m)[33m;[39m
     [90m 19 |[39m
    [31m[1m>[22m[39m[90m 20 |[39m       
expect(res[33m.[39mstatusCode)[33m.[39mtoBe([35m200[39m)[33m;[39m
     [90m    |[39m                              [31m[1m^[22m[39m
     [90m 21 |[39m     })[33m;[39m
     [90m 22 |[39m   })[33m;[39m
     [90m 23 |[39m[0m

      at Object.toBe (tests/integration.test.js:20:30)

  ΓùÅ Integration Tests ΓÇ║ HTTP Method Handling ΓÇ║ should handle OPTIONS requests

    expect(received).toBe(expected) // Object.is equality

    Expected: 200
    Received: 204

    [0m [90m 83 |[39m       [36mconst[39m res [33m=[39m [36mawait[39m 
request(app)[33m.[39moptions([32m'/api/auth/register'[39m)[33m;[39m
     [90m 84 |[39m
    [31m[1m>[22m[39m[90m 85 |[39m       
expect(res[33m.[39mstatusCode)[33m.[39mtoBe([35m200[39m)[33m;[39m
     [90m    |[39m                              [31m[1m^[22m[39m
     [90m 86 |[39m     })[33m;[39m
     [90m 87 |[39m   })[33m;[39m
     [90m 88 |[39m })[33m;[39m[0m

      at Object.toBe (tests/integration.test.js:85:30)

  ΓùÅ Data Validation Tests ΓÇ║ URL Validation ΓÇ║ should accept valid URLs

    expect(received).toContain(expected) // indexOf

    Expected value: 500
    Received array: [201, 400, 404]

    [0m [90m 178 |[39m
     [90m 179 |[39m       [90m// May fail due to invalid app_id, but URL format should be 
acceptable[39m
    [31m[1m>[22m[39m[90m 180 |[39m       expect([[35m201[39m[33m,[39m 
[35m400[39m[33m,[39m [35m404[39m])[33m.[39mtoContain(res[33m.[39mstatusCode)[33m;[39m
     [90m     |[39m                               [31m[1m^[22m[39m
     [90m 181 |[39m     })[33m;[39m
     [90m 182 |[39m
     [90m 183 |[39m     it([32m'should handle relative URLs'[39m[33m,[39m [36masync[39m () 
[33m=>[39m {[0m

      at Object.toContain (tests/integration.test.js:180:31)

  ΓùÅ Data Validation Tests ΓÇ║ URL Validation ΓÇ║ should handle relative URLs

    expect(received).toContain(expected) // indexOf

    Expected value: 500
    Received array: [201, 400, 404]

    [0m [90m 189 |[39m         })[33m;[39m
     [90m 190 |[39m
    [31m[1m>[22m[39m[90m 191 |[39m       expect([[35m201[39m[33m,[39m 
[35m400[39m[33m,[39m [35m404[39m])[33m.[39mtoContain(res[33m.[39mstatusCode)[33m;[39m
     [90m     |[39m                               [31m[1m^[22m[39m
     [90m 192 |[39m     })[33m;[39m
     [90m 193 |[39m   })[33m;[39m
     [90m 194 |[39m })[33m;[39m[0m

      at Object.toContain (tests/integration.test.js:191:31)

::ffff:127.0.0.1 - - [16/Nov/2025:13:46:16 +0000] "POST /api/auth/register HTTP/1.1" 201 355 "-" "-"
::ffff:127.0.0.1 - - [16/Nov/2025:13:46:16 +0000] "POST /api/analytics/collect HTTP/1.1" 201 14 "-" "-"
::ffff:127.0.0.1 - - [16/Nov/2025:13:46:16 +0000] "POST /api/analytics/collect HTTP/1.1" 201 14 "-" "-"
::ffff:127.0.0.1 - - [16/Nov/2025:13:46:16 +0000] "POST /api/analytics/collect HTTP/1.1" 401 27 "-" "-"
::ffff:127.0.0.1 - - [16/Nov/2025:13:46:27 +0000] "POST /api/analytics/collect HTTP/1.1" 401 38 "-" "-"
::ffff:127.0.0.1 - - [16/Nov/2025:13:46:27 +0000] "POST /api/analytics/collect HTTP/1.1" 400 30 "-" "-"
::ffff:127.0.0.1 - - [16/Nov/2025:13:46:27 +0000] "POST /api/analytics/collect HTTP/1.1" 201 14 "-" "-"
::ffff:127.0.0.1 - - [16/Nov/2025:13:46:27 +0000] "POST /api/analytics/collect HTTP/1.1" 201 16 "-" "-"
::ffff:127.0.0.1 - - [16/Nov/2025:13:46:28 +0000] "POST /api/analytics/collect HTTP/1.1" 201 14 "-" "-"
::ffff:127.0.0.1 - - [16/Nov/2025:13:46:28 +0000] "POST /api/analytics/collect HTTP/1.1" 201 14 "-" "-"
::ffff:127.0.0.1 - - [16/Nov/2025:13:46:28 +0000] "POST /api/analytics/collect HTTP/1.1" 201 14 "-" "-"
::ffff:127.0.0.1 - - [16/Nov/2025:13:46:29 +0000] "GET /api/analytics/event-summary HTTP/1.1" 500 74 "-" "-"
::ffff:127.0.0.1 - - [16/Nov/2025:13:46:29 +0000] "GET /api/analytics/event-summary?event=page_view HTTP/1.1" 200 97 "-" "-"
::ffff:127.0.0.1 - - [16/Nov/2025:13:46:29 +0000] "GET /api/analytics/event-summary?startDate=2025-11-15T13%3A46%3A29.424Z&endDate=2025-11-16T13%3A46%3A29.424Z HTTP/1.1" 200 112 "-" "-"
::ffff:127.0.0.1 - - [16/Nov/2025:13:46:29 +0000] "GET /api/analytics/event-summary HTTP/1.1" 401 27 "-" "-"
::ffff:127.0.0.1 - - [16/Nov/2025:13:46:29 +0000] "GET /api/analytics/event-summary HTTP/1.1" 200 112 "-" "-"
::ffff:127.0.0.1 - - [16/Nov/2025:13:46:30 +0000] "POST /api/analytics/collect HTTP/1.1" 201 14 "-" "-"
::ffff:127.0.0.1 - - [16/Nov/2025:13:46:30 +0000] "GET /api/analytics/user-stats?userId=test_user_123 HTTP/1.1" 200 372 "-" "-"
::ffff:127.0.0.1 - - [16/Nov/2025:13:46:30 +0000] "GET /api/analytics/user-stats HTTP/1.1" 400 30 "-" "-"
::ffff:127.0.0.1 - - [16/Nov/2025:13:46:30 +0000] "GET /api/analytics/user-stats?userId=test_user HTTP/1.1" 401 27 "-" "-"
::ffff:127.0.0.1 - - [16/Nov/2025:13:46:31 +0000] "GET /api/analytics/user-stats?userId=test_user_123 HTTP/1.1" 200 372 "-" "-"
FAIL tests/analytics.test.js (16.375 s)
  ΓùÅ Console

    console.log
      [dotenv@17.2.3] injecting env (2) from .env -- tip: ΓÜÖ∩╕Å  override existing env vars with { 
override: true }

      at _log (node_modules/dotenv/lib/main.js:142:11)

    console.error
      Error: Stream isn't writeable and enableOfflineQueue options is false
          at EventEmitter.sendCommand 
(C:\Users\ASUS\Desktop\analytics-prod\node_modules\ioredis\built\Redis.js:364:32)
          at EventEmitter.get 
(C:\Users\ASUS\Desktop\analytics-prod\node_modules\ioredis\built\utils\Commander.js:90:25)
          at get (C:\Users\ASUS\Desktop\analytics-prod\src\routes\analytics.js:44:32)
          at Layer.handle [as handle_request] 
(C:\Users\ASUS\Desktop\analytics-prod\node_modules\express\lib\router\layer.js:95:5)
          at next 
(C:\Users\ASUS\Desktop\analytics-prod\node_modules\express\lib\router\route.js:149:13)
          at next (C:\Users\ASUS\Desktop\analytics-prod\src\middleware\rateLimiter.js:22:16)
          at rateLimiter (C:\Users\ASUS\Desktop\analytics-prod\src\middleware\rateLimiter.js:28:4)
          at Layer.handle [as handle_request] 
(C:\Users\ASUS\Desktop\analytics-prod\node_modules\express\lib\router\layer.js:95:5)
          at next 
(C:\Users\ASUS\Desktop\analytics-prod\node_modules\express\lib\router\route.js:149:13)
          at next (C:\Users\ASUS\Desktop\analytics-prod\src\middleware\apiKeyAuth.js:12:5)

    [0m [90m 25 |[39m
     [90m 26 |[39m app[33m.[39muse((err[33m,[39m req[33m,[39m res[33m,[39m next) 
[33m=>[39m {
    [31m[1m>[22m[39m[90m 27 |[39m   console[33m.[39merror(err)[33m;[39m
     [90m    |[39m           [31m[1m^[22m[39m
     [90m 28 |[39m   [36mif[39m (err[33m.[39mstatus [33m===[39m [35m400[39m) {
     [90m 29 |[39m     [36mreturn[39m res[33m.[39mstatus([35m400[39m)[33m.[39mjson({ 
error[33m:[39m err[33m.[39mmessage [33m||[39m [32m'Bad Request'[39m })[33m;[39m
     [90m 30 |[39m   }[0m

      at error (src/app.js:27:11)
      at Layer.handle_error (node_modules/express/lib/router/layer.js:71:5)
      at trim_prefix (node_modules/express/lib/router/index.js:326:13)
      at node_modules/express/lib/router/index.js:286:9
      at Function.process_params (node_modules/express/lib/router/index.js:346:12)
      at next (node_modules/express/lib/router/index.js:280:10)
      at node_modules/express/lib/router/index.js:646:15
      at next (node_modules/express/lib/router/index.js:265:14)
      at next (node_modules/express/lib/router/route.js:141:14)
      at next (src/routes/analytics.js:73:5)

  ΓùÅ Analytics Routes ΓÇ║ POST /api/analytics/collect ΓÇ║ should fail without event_type

    expect(received).toBe(expected) // Object.is equality

    Expected: 400
    Received: 201

    [0m [90m  99 |[39m         })[33m;[39m
     [90m 100 |[39m
    [31m[1m>[22m[39m[90m 101 |[39m       
expect(res[33m.[39mstatusCode)[33m.[39mtoBe([35m400[39m)[33m;[39m
     [90m     |[39m                              [31m[1m^[22m[39m
     [90m 102 |[39m       expect(res[33m.[39mbody[33m.[39merror)[33m.[39mtoBe([32m'No 
events provided'[39m)[33m;[39m
     [90m 103 |[39m     })[33m;[39m
     [90m 104 |[39m[0m

      at Object.toBe (tests/analytics.test.js:101:30)

  ΓùÅ Analytics Routes ΓÇ║ GET /api/analytics/event-summary ΓÇ║ should get event summary with 
defaults

    expect(received).toBe(expected) // Object.is equality

    Expected: 200
    Received: 500

    [0m [90m 175 |[39m         [33m.[39m[36mset[39m([32m'x-api-key'[39m[33m,[39m 
testApiKey)[33m;[39m
     [90m 176 |[39m
    [31m[1m>[22m[39m[90m 177 |[39m       
expect(res[33m.[39mstatusCode)[33m.[39mtoBe([35m200[39m)[33m;[39m
     [90m     |[39m                              [31m[1m^[22m[39m
     [90m 178 |[39m       
expect(res[33m.[39mbody)[33m.[39mtoHaveProperty([32m'count'[39m)[33m;[39m
     [90m 179 |[39m       
expect(res[33m.[39mbody)[33m.[39mtoHaveProperty([32m'uniqueUsers'[39m)[33m;[39m
     [90m 180 |[39m       
expect(res[33m.[39mbody)[33m.[39mtoHaveProperty([32m'deviceData'[39m)[33m;[39m[0m

      at Object.toBe (tests/analytics.test.js:177:30)

::ffff:127.0.0.1 - - [16/Nov/2025:13:46:31 +0000] "GET /api/analytics/user-stats?userId=non_existent_user HTTP/1.1" 200 83 "-" "-"
::ffff:127.0.0.1 - - [16/Nov/2025:13:46:32 +0000] "POST /api/auth/register HTTP/1.1" 201 362 "-" "-"
::ffff:127.0.0.1 - - [16/Nov/2025:13:46:32 +0000] "POST /api/auth/register HTTP/1.1" 400 41 "-" "-"
::ffff:127.0.0.1 - - [16/Nov/2025:13:46:32 +0000] "POST /api/auth/register HTTP/1.1" 400 41 "-" "-"
::ffff:127.0.0.1 - - [16/Nov/2025:13:46:32 +0000] "POST /api/auth/register HTTP/1.1" 400 41 "-" "-"
::ffff:127.0.0.1 - - [16/Nov/2025:13:46:32 +0000] "POST /api/auth/register HTTP/1.1" 201 350 "-" "-"
::ffff:127.0.0.1 - - [16/Nov/2025:13:46:32 +0000] "GET /api/auth/api-key?app_id=e57f4d9a-9ed2-4520-b7e5-92afd431ed9e HTTP/1.1" 200 193 "-" "-"
::ffff:127.0.0.1 - - [16/Nov/2025:13:46:32 +0000] "GET /api/auth/api-key HTTP/1.1" 400 27 "-" "-"
::ffff:127.0.0.1 - - [16/Nov/2025:13:46:32 +0000] "GET /api/auth/api-key?app_id=00000000-0000-0000-0000-000000000000 HTTP/1.1" 404 28 "-" "-"
::ffff:127.0.0.1 - - [16/Nov/2025:13:46:32 +0000] "POST /api/auth/register HTTP/1.1" 201 349 "-" "-"
::ffff:127.0.0.1 - - [16/Nov/2025:13:46:32 +0000] "POST /api/auth/revoke HTTP/1.1" 200 16 "-" "-"
::ffff:127.0.0.1 - - [16/Nov/2025:13:46:33 +0000] "POST /api/auth/revoke HTTP/1.1" 400 27 "-" "-"
::ffff:127.0.0.1 - - [16/Nov/2025:13:46:33 +0000] "POST /api/auth/register HTTP/1.1" 201 357 "-" "-"
PASS tests/auth.test.js
  ΓùÅ Console

    console.log
      [dotenv@17.2.3] injecting env (2) from .env -- tip: ≡ƒ¢á∩╕Å  run anywhere with `dotenvx run -- 
yourcommand`

      at _log (node_modules/dotenv/lib/main.js:142:11)

::ffff:127.0.0.1 - - [16/Nov/2025:13:46:33 +0000] "POST /api/auth/regenerate HTTP/1.1" 200 74 "-" "-"
::ffff:127.0.0.1 - - [16/Nov/2025:13:46:33 +0000] "POST /api/auth/regenerate HTTP/1.1" 400 27 "-" "-"
::ffff:127.0.0.1 - - [16/Nov/2025:13:46:34 +0000] "POST /api/auth/register HTTP/1.1" 201 354 "-" "-"
::ffff:127.0.0.1 - - [16/Nov/2025:13:46:34 +0000] "POST /api/short/create HTTP/1.1" 201 221 "-" "-"
::ffff:127.0.0.1 - - [16/Nov/2025:13:46:34 +0000] "POST /api/short/create HTTP/1.1" 201 203 "-" "-"
::ffff:127.0.0.1 - - [16/Nov/2025:13:46:34 +0000] "POST /api/short/create HTTP/1.1" 400 42 "-" "-"
::ffff:127.0.0.1 - - [16/Nov/2025:13:46:34 +0000] "POST /api/short/create HTTP/1.1" 400 42 "-" "-"
::ffff:127.0.0.1 - - [16/Nov/2025:13:46:34 +0000] "POST /api/short/create HTTP/1.1" 201 203 "-" "-"
::ffff:127.0.0.1 - - [16/Nov/2025:13:46:34 +0000] "POST /api/short/create HTTP/1.1" 201 208 "-" "-"
::ffff:127.0.0.1 - - [16/Nov/2025:13:46:34 +0000] "POST /api/short/create HTTP/1.1" 201 220 "-" "-"
::ffff:127.0.0.1 - - [16/Nov/2025:13:46:34 +0000] "POST /api/short/create HTTP/1.1" 201 215 "-" "-"
::ffff:127.0.0.1 - - [16/Nov/2025:13:46:34 +0000] "POST /api/short/create HTTP/1.1" 201 213 "-" "-"
::ffff:127.0.0.1 - - [16/Nov/2025:13:46:34 +0000] "POST /api/short/create HTTP/1.1" 201 204 "-" "-"
::ffff:127.0.0.1 - - [16/Nov/2025:13:46:34 +0000] "POST /api/short/create HTTP/1.1" 201 204 "-" "-"
::ffff:127.0.0.1 - - [16/Nov/2025:13:46:34 +0000] "POST /api/short/create HTTP/1.1" 201 208 "-" "-"
::ffff:127.0.0.1 - - [16/Nov/2025:13:46:34 +0000] "GET /api/short/stats?short_code=0e0ac5a6 HTTP/1.1" 200 231 "-" "-"
::ffff:127.0.0.1 - - [16/Nov/2025:13:46:34 +0000] "GET /api/short/stats HTTP/1.1" 400 31 "-" "-"
::ffff:127.0.0.1 - - [16/Nov/2025:13:46:34 +0000] "GET /api/short/stats?short_code=nonexistent123 HTTP/1.1" 404 21 "-" "-"
::ffff:127.0.0.1 - - [16/Nov/2025:13:46:34 +0000] "POST /api/short/create HTTP/1.1" 201 217 "-" "-"
::ffff:127.0.0.1 - - [16/Nov/2025:13:46:34 +0000] "GET /api/short/r/3bd10c7f HTTP/1.1" 302 55 "-" "-"
::ffff:127.0.0.1 - - [16/Nov/2025:13:46:34 +0000] "GET /api/short/stats?short_code=3bd10c7f HTTP/1.1" 200 240 "-" "-"
::ffff:127.0.0.1 - - [16/Nov/2025:13:46:34 +0000] "GET /api/short/r/3bd10c7f HTTP/1.1" 302 55 "-" "-"
::ffff:127.0.0.1 - - [16/Nov/2025:13:46:34 +0000] "GET /api/short/stats?short_code=3bd10c7f HTTP/1.1" 200 240 "-" "-"
::ffff:127.0.0.1 - - [16/Nov/2025:13:46:34 +0000] "GET /api/short/r/nonexistent123 HTTP/1.1" 404 9 "-" "-"
::ffff:127.0.0.1 - - [16/Nov/2025:13:46:34 +0000] "GET /api/short/r/3bd10c7f HTTP/1.1" 302 55 "-" "Test User Agent 1.0"
::ffff:127.0.0.1 - - [16/Nov/2025:13:46:34 +0000] "GET /api/short/stats?short_code=3bd10c7f HTTP/1.1" 200 240 "-" "-"
::ffff:127.0.0.1 - - [16/Nov/2025:13:46:34 +0000] "GET /api/short/stats?short_code=3bd10c7f HTTP/1.1" 200 240 "-" "-"
::ffff:127.0.0.1 - - [16/Nov/2025:13:46:34 +0000] "GET /api/short/r/3bd10c7f HTTP/1.1" 302 55 "-" "-"
::ffff:127.0.0.1 - - [16/Nov/2025:13:46:34 +0000] "GET /api/short/r/3bd10c7f HTTP/1.1" 302 55 "-" "-"
::ffff:127.0.0.1 - - [16/Nov/2025:13:46:34 +0000] "GET /api/short/r/3bd10c7f HTTP/1.1" 302 55 "-" "-"
::ffff:127.0.0.1 - - [16/Nov/2025:13:46:34 +0000] "GET /api/short/r/3bd10c7f HTTP/1.1" 302 55 "-" "-"
::ffff:127.0.0.1 - - [16/Nov/2025:13:46:34 +0000] "GET /api/short/r/3bd10c7f HTTP/1.1" 302 55 "-" "-"
::ffff:127.0.0.1 - - [16/Nov/2025:13:46:34 +0000] "GET /api/short/stats?short_code=3bd10c7f HTTP/1.1" 200 240 "-" "-"
PASS tests/shorturl.test.js
  ΓùÅ Console

    console.log
      [dotenv@17.2.3] injecting env (2) from .env -- tip: ≡ƒôí add observability to secrets: 
https://dotenvx.com/ops

      at _log (node_modules/dotenv/lib/main.js:142:11)


Test Suites: 2 failed, 2 passed, 4 total
Tests:       6 failed, 57 passed, 63 total
Snapshots:   0 total
Time:        49.436 s
Ran all test suites.
